// Jest Snapshot v1, https://goo.gl/fbAQLP

exports[`Nav renders correctly 1`] = `
<DocumentFragment>
  <header>
    <nav
      class="nav"
      title="main-navigation"
    >
      <ul
        class="nav__items-left"
      >
        <li
          class="nav__item-logo"
        >
          <test-file-stub
            classname="svg__logo"
            focusable="false"
            role="img"
          />
        </li>
        <li
          class="nav__item"
        >
          <button>
            <span
              class="nav__item-header"
            />
            <test-file-stub
              aria-hidden="true"
              classname="nav__item-header-triangle"
              focusable="false"
            />
          </button>
          <ul
            class="nav__dropdown"
          >
            <li
              class="nav__dropdown-item"
            >
              <button />
            </li>
            <li
              class="nav__dropdown-item"
            >
              <button />
            </li>
            <li
              class="nav__dropdown-item"
            >
              <button />
            </li>
            <li
              class="nav__dropdown-item"
            >
              <button />
            </li>
            <li
              class="nav__dropdown-item"
            >
              <a />
            </li>
          </ul>
        </li>
        <li
          class="nav__item"
        >
          <button>
            <span
              class="nav__item-header"
            />
            <test-file-stub
              aria-hidden="true"
              classname="nav__item-header-triangle"
              focusable="false"
            />
          </button>
          <ul
            class="nav__dropdown"
          >
            <li
              class="nav__dropdown-item"
            >
              <button>
                <span
                  class="nav__keyboard-shortcut"
                >
                  ⌃+⇧+F
                </span>
              </button>
            </li>
            <li
              class="nav__dropdown-item"
            >
              <button>
                <span
                  class="nav__keyboard-shortcut"
                >
                  ⌃+F
                </span>
              </button>
            </li>
            <li
              class="nav__dropdown-item"
            >
              <button>
                <span
                  class="nav__keyboard-shortcut"
                >
                  ⌃+H
                </span>
              </button>
            </li>
          </ul>
        </li>
        <li
          class="nav__item"
        >
          <button>
            <span
              class="nav__item-header"
            />
            <test-file-stub
              aria-hidden="true"
              classname="nav__item-header-triangle"
              focusable="false"
            />
          </button>
          <ul
            class="nav__dropdown"
          >
            <li
              class="nav__dropdown-item"
            >
              <button />
            </li>
            <li
              class="nav__dropdown-item"
            >
              <button />
            </li>
            <li
              class="nav__dropdown-item"
            >
              <button>
                <span
                  class="nav__keyboard-shortcut"
                >
                  ⌃+Enter
                </span>
              </button>
            </li>
            <li
              class="nav__dropdown-item"
            >
              <button>
                <span
                  class="nav__keyboard-shortcut"
                >
                  ⇧+⌃+Enter
                </span>
              </button>
            </li>
          </ul>
        </li>
        <li
          class="nav__item"
        >
          <button>
            <span
              class="nav__item-header"
            />
            <test-file-stub
              aria-hidden="true"
              classname="nav__item-header-triangle"
              focusable="false"
            />
          </button>
          <ul
            class="nav__dropdown"
          >
            <li
              class="nav__dropdown-item"
            >
              <button />
            </li>
            <li
              class="nav__dropdown-item"
            >
              <a
                href="https://p5js.org/reference/"
                rel="noopener noreferrer"
                target="_blank"
              />
            </li>
            <li
              class="nav__dropdown-item"
            >
              <a />
            </li>
          </ul>
        </li>
      </ul>
    </nav>
  </header>
</DocumentFragment>
`;
